app	iggy3d
app_surface	product
opening_menu	false
frontend_screen	boot
frontend_child_screen	gameplay
frontend_selected_action	none
frontend_status	frontend_boot_pending
frontend_launch_requested	false
frontend_return_to_title_requested	false
pause_menu_open	false
dev_tools_open	false
starter_world_suppressed	true
auto_new_world	false
renderer_request	vulkan
window_mode	window
input_backend	auto
settings_input_backend	keyboard
settings_selected_tab	none
settings_renderer	auto
settings_window_mode	no_window
settings_camera_mode	first_person
settings_look_sensitivity	1.000
settings_controller_look_sensitivity	1.000
settings_invert_look	false
settings_developer_tools_enabled	true
settings_debug_overlay_enabled	false
dev_collision_overlay_visible	false
dev_collision_overlay_status	dev_collision_overlay_hidden
dev_collision_overlay_reason_code	dev_collision_overlay_hidden
gameplay_movement_tuning_status	movement_tuning_ready
gameplay_movement_tuning_reason_code	movement_tuning_ready
gameplay_movement_tuning_visible	false
gameplay_movement_tuning_selected_field	walk_speed_mps
gameplay_movement_tuning_walk_speed_mps	3.300
gameplay_movement_tuning_sprint_speed_mps	6.200
gameplay_movement_tuning_ground_acceleration_mps2	400.000
gameplay_movement_tuning_ground_deceleration_mps2	400.000
gameplay_movement_tuning_air_control	1.000
gameplay_movement_tuning_jump_impulse_mps	15.800
gameplay_movement_tuning_gravity_mps2	18.000
gameplay_movement_tuning_coyote_time_s	0.100
gameplay_movement_tuning_jump_buffer_s	0.100
gameplay_movement_tuning_jump_cut_multiplier	0.500
gameplay_movement_tuning_fall_gravity_multiplier	1.600
gameplay_movement_tuning_look_sensitivity	1.000
gameplay_movement_tuning_invert_look	false
gameplay_movement_tuning_dash_speed_mps	18.500
gameplay_movement_tuning_dash_duration_s	0.180
gameplay_movement_tuning_dash_cooldown_s	0.450
gameplay_movement_tuning_wall_run_min_speed_mps	2.000
gameplay_movement_tuning_wall_run_max_normal_y	0.250
gameplay_movement_tuning_wall_run_duration_s	0.750
gameplay_movement_tuning_wall_run_gravity_multiplier	0.250
gameplay_movement_tuning_wall_run_speed_multiplier	1.000
window_requested	false
window_shell	unavailable
window_created	false
window_drawable	false
window_title	iggy3d - Opening Menu
opening_menu_visible	false
menu_text_drawn	false
menu_selected_row_drawn	false
menu_row_count	0
mouse_menu_select_used	false
gamepad_available	false
gamepad_name	unavailable
gamepad_mapping	unavailable
gamepad_menu_select_used	false
interaction_mode	player
creative_surface_kind	none
map_maker_active	false
map_maker_status	map_maker_inactive
map_maker_reason_code	map_maker_inactive
map_maker_grid_visible	false
map_maker_grid_status	map_maker_grid_disabled
map_maker_grid_reason_code	map_maker_grid_disabled
map_maker_grid_pitch_meters	1.000
map_maker_grid_major_step_meters	5.000
map_maker_grid_plane_y	0.000
map_maker_grid_layer_count	0
map_maker_grid_dot_count	0
map_maker_grid_major_dot_count	0
interaction_mode_hud_visible	false
interaction_mode_hud_status	interaction_mode_hud_hidden
interaction_mode_hud_reason_code	interaction_mode_hud_hidden
interaction_mode_hud_mode	player
interaction_mode_hud_label	player
top_down_map_visible	false
top_down_map_purpose	hidden
top_down_map_size	hidden
top_down_map_status	top_down_map_hidden
top_down_map_reason_code	top_down_map_hidden
top_down_map_item_count	0
mouse_capture_requested	false
mouse_capture_active	false
mouse_capture_status	mouse_capture_not_requested
mouse_capture_reason_code	mouse_capture_gameplay_inactive
mouse_capture_mode	none
mouse_capture_input_owner	none
controller_mode_toggle_requested	false
controller_mode_toggle_accepted	false
controller_mode_toggle_status	interaction_mode_toggle_not_requested
controller_mode_toggle_reason_code	interaction_mode_toggle_not_requested
controller_mode_toggle_surface	none
controller_action_mapped	false
controller_action_status	controller_action_not_requested
controller_action_reason_code	controller_action_not_requested
controller_action_control	none
controller_action_mode	player
controller_action_surface	none
controller_action_input_action	none
dev_tools_category	none
launch_action	none
launch_status	not_requested
package_load_status	not_requested
startup_package_path	none
startup_package_lookup_measured	false
startup_package_lookup_us	0
startup_package_lookup_status	startup_package_lookup_not_requested
startup_package_load_measured	false
startup_package_load_us	0
startup_package_load_status	startup_package_load_not_requested
startup_runtime_session_create_measured	false
startup_runtime_session_create_us	0
startup_runtime_session_create_status	startup_runtime_session_create_not_requested
startup_save_catalog_scan_measured	false
startup_save_catalog_scan_us	0
startup_save_catalog_scan_entry_count	0
startup_save_catalog_scan_status	save_catalog_scan_not_requested
startup_creative_world_id_scan_measured	false
startup_creative_world_id_scan_us	0
startup_creative_world_id_scan_entry_count	0
startup_creative_world_id_scan_status	product_world_id_scan_not_requested
startup_creative_document_id_scan_measured	false
startup_creative_document_id_scan_us	0
startup_creative_document_id_scan_entry_count	0
startup_creative_document_id_scan_status	creative_document_id_scan_not_requested
startup_creative_ui_first_frame_measured	false
startup_creative_ui_first_frame_us	0
startup_creative_ui_first_frame_status	startup_creative_ui_first_frame_not_requested
startup_creative_wireframe_first_frame_measured	false
startup_creative_wireframe_first_frame_us	0
startup_creative_wireframe_first_frame_status	startup_creative_wireframe_first_frame_not_requested
startup_vulkan_renderer_init_measured	false
startup_vulkan_renderer_init_us	0
startup_vulkan_renderer_init_status	startup_vulkan_renderer_init_not_requested
startup_vulkan_first_submit_measured	false
startup_vulkan_first_submit_us	0
startup_vulkan_first_submit_status	startup_vulkan_first_submit_not_requested
world_setup_title	New World
world_setup_status	not_requested
world_setup_dungeon_title	none
world_setup_dungeon_index	0
world_setup_dungeon_count	0
world_setup_ascii_room_enabled	false
world_setup_ascii_room_text_present	false
world_setup_ascii_room_id	world_setup_room
world_setup_ascii_room_source_name	world_setup_ascii_room.iggyroom.txt
world_setup_dungeon_draft_edit_mode	false
world_setup_dungeon_draft_modified	false
world_setup_dungeon_draft_cursor_row	0
world_setup_dungeon_draft_cursor_column	0
world_setup_dungeon_draft_status	not_requested
world_setup_dungeon_draft_reason_code	not_requested
world_setup_dungeon_draft_selected_glyph	.
world_setup_dungeon_draft_last_glyph	none
world_creation_status	not_requested
world_creation_reason_code	not_requested
world_creation_world_id	none
world_creation_world_title	none
world_creation_ascii_room_requested	false
world_creation_ascii_room_id	none
world_creation_ascii_room_source_name	none
world_creation_initial_save_requested	false
world_creation_initial_save_written	false
world_creation_initial_save_id	none
world_creation_initial_save_title	none
world_creation_route_after_create	world_setup
ascii_room_preview_status	not_requested
ascii_room_preview_reason_code	not_requested
ascii_room_preview_failed_stage	not_started
ascii_room_preview_room_id	none
ascii_room_preview_source_name	none
ascii_room_preview_ready	false
ascii_room_preview_width	0
ascii_room_preview_height	0
ascii_room_preview_floor_count	0
ascii_room_preview_wall_count	0
ascii_room_preview_object_count	0
ascii_room_preview_marker_count	0
ascii_room_preview_elevated_floor_count	0
ascii_room_preview_ramp_count	0
ascii_room_preview_blocked_slope_count	0
ascii_room_preview_static_mesh_count	0
ascii_room_preview_anchor_count	0
ascii_room_preview_spatial_surface_count	0
ascii_room_preview_asset_text_written	false
ascii_room_preview_asset_text_bytes	0
ascii_room_activation_status	not_requested
ascii_room_activation_reason_code	not_requested
ascii_room_activation_room_id	none
ascii_room_activation_package_id	none
ascii_room_activation_scenario_id	none
ascii_room_activation_session_created	false
ascii_room_activation_player_spawned	false
ascii_room_activation_player_count	0
ascii_room_activation_entity_count	0
ascii_room_activation_npc_count	0
ascii_room_activation_pickup_count	0
ascii_room_activation_door_count	0
ascii_room_activation_marker_entity_count	0
ascii_room_activation_objective_count	0
ascii_room_activation_wall_count	0
ascii_room_activation_marker_count	0
ascii_room_activation_runtime_hash	0
room_editing_ready	false
room_editing_status	not_started
room_editing_reason_code	not_started
room_editing_floor_count	0
room_editing_wall_count	0
room_editing_object_count	0
room_editing_active_room_loaded	false
room_editing_active_room_static_mesh_count	0
room_editing_active_room_spatial_surface_count	0
room_editing_authored_floor_count	0
room_editing_authored_wall_count	0
room_editing_authored_object_count	0
room_editing_collision_ready	false
room_editing_collision_surface_count	0
room_editing_collision_walkable_surface_count	0
room_editing_collision_actor_blocker_count	0
room_editing_collision_projectile_blocker_count	0
room_editing_undo_depth	0
room_editing_redo_depth	0
room_editing_last_operation	none
room_editing_last_operation_status	not_requested
room_editing_last_operation_reason_code	not_requested
room_editing_last_input_source	none
room_editing_last_operation_accepted	false
room_editing_last_primitive_id	none
active_room_loaded	false
active_room_status	not_loaded
active_room_reason_code	not_loaded
active_room_source	none
active_room_id	none
active_room_source_name	none
active_room_source_subset	none
active_room_has_authored_room	false
active_room_authored_floor_count	0
active_room_authored_wall_count	0
active_room_authored_object_count	0
active_room_authored_marker_count	0
active_room_static_mesh_count	0
active_room_anchor_count	0
active_room_opening_count	0
active_room_spatial_surface_count	0
active_room_walkable_surface_count	0
active_room_actor_blocker_count	0
active_room_projectile_blocker_count	0
active_room_collision_ready	false
active_room_collision_status	not_ready
active_room_collision_reason_code	not_loaded
active_room_collision_room_id	none
active_room_collision_spatial_surface_count	0
active_room_collision_query_surface_count	0
active_room_collision_walkable_surface_count	0
active_room_collision_actor_blocker_count	0
active_room_collision_projectile_blocker_count	0
active_room_collision_runtime_owned_surface_count	0
active_room_collision_runtime_filtered_surface_count	0
active_room_collision_door_blocker_count	0
active_room_collision_active_door_blocker_count	0
active_room_collision_freshness_rebaked	false
active_room_collision_freshness_reason_code	skipped_fresh
product_save_status	not_requested
product_save_reason_code	not_requested
product_save_durable_reason	not_requested
product_save_source	none
product_save_save_id	none
product_save_session_saved	false
active_product_save_id	none
active_creative_save_id	none
active_creative_save_path	none
active_creative_world_id	none
active_creative_document_id	0
active_creative_object_count	0
active_creative_next_object_id	0
active_creative_save_status	creative_world_save_not_requested
active_creative_save_reason_code	creative_world_save_not_requested
active_creative_save_dirty_flags_before	0
active_creative_save_dirty_flags_drained	0
active_creative_save_dirty_flags_after	0
active_creative_save_saved_at_utc	none
product_save_load_status	not_requested
product_save_load_reason_code	not_requested
product_save_load_save_id	
product_save_load_source	none
product_save_load_selected_id	none
product_save_load_selected_enabled	false
product_save_load_authored_room_present	false
product_save_load_authored_room_id	none
product_save_load_authored_floor_count	0
product_save_load_authored_wall_count	0
product_save_load_authored_object_count	0
product_save_load_authored_marker_count	0
saved_marker_bind_status	not_requested
saved_marker_bind_reason_code	not_requested
saved_marker_bind_requested	false
saved_marker_bind_session_replaced	false
saved_marker_bind_room_id	none
saved_marker_bind_marker_count	0
saved_marker_bind_seed_entity_count	0
saved_marker_bind_added_entity_count	0
saved_marker_bind_existing_entity_count	0
saved_marker_bind_added_objective_count	0
saved_marker_bind_existing_objective_count	0
saved_marker_bind_added_combatant_count	0
saved_marker_bind_existing_combatant_count	0
saved_marker_bind_pickup_count	0
saved_marker_bind_door_count	0
saved_marker_bind_marker_entity_count	0
saved_marker_bind_npc_count	0
saved_marker_bind_previous_hash	0
saved_marker_bind_bound_hash	0
room_editor_cursor_ready	false
room_editor_grid_x	0
room_editor_grid_z	0
room_editor_story_index	0
room_editor_cell_size_meters	1.000
room_editor_tool	floor
room_editor_wall_direction	up
room_editor_status	not_requested
room_editor_reason_code	not_requested
room_editor_last_operation	none
room_editor_last_operation_accepted	false
room_editor_last_primitive_id	none
room_editor_overlay_visible	false
room_editor_overlay_status	room_editor_overlay_not_ready
room_editor_overlay_reason_code	room_editor_overlay_not_ready
room_editor_overlay_item_count	0
room_editor_overlay_world_x	0.000
room_editor_overlay_world_y	0.000
room_editor_overlay_world_z	0.000
room_editor_preview_pending	false
room_editor_preview_visible	false
room_editor_preview_status	room_editor_preview_not_requested
room_editor_preview_reason_code	room_editor_preview_not_requested
room_editor_preview_candidate_id	none
room_editor_preview_tool	floor
room_editor_preview_grid_x	0
room_editor_preview_grid_z	0
room_editor_preview_before_draw_count	0
room_editor_preview_after_draw_count	0
room_editor_preview_avoided_draw_count_delta	0
room_editor_preview_before_triangle_count	0
room_editor_preview_after_triangle_count	0
room_editor_preview_avoided_triangle_count_delta	0
room_editor_preview_optimized_draw_delta	0
room_editor_preview_optimized_triangle_delta	0
room_editor_hud_visible	false
room_editor_hud_status	room_editor_hud_not_ready
room_editor_hud_reason_code	room_editor_hud_not_ready
room_editor_hud_tool	floor
room_editor_hud_wall_direction	up
room_editor_hud_grid_x	0
room_editor_hud_grid_z	0
room_editor_hud_last_operation	none
room_editor_hud_last_operation_accepted	false
room_editor_hud_last_primitive_id	none
room_editor_hud_preview_active	false
room_editor_hud_preview_status	room_editor_preview_not_requested
room_editor_hud_preview_candidate_id	none
room_editor_hud_preview_optimized_draw_delta	0
room_editor_hud_preview_optimized_triangle_delta	0
room_editor_hud_line_count	0
save_browser_mode	load
selected_save_id	none
selected_save_enabled	false
selected_save_status	none
save_slot_browser_mode	load
save_slot_ring_count	0
save_slot_ring_selected_index	0
save_slot_ring_selected_id	none
save_slot_ring_selected_status	empty
save_slot_action_command	none
save_slot_action_enabled	false
save_slot_action_confirmation_required	false
save_slot_action_status	not_requested
save_flow_operation	none
save_flow_source_surface	none
save_flow_status	not_requested
save_flow_reason_code	not_requested
save_flow_affected_slot_id	none
save_flow_active_count_before	0
save_flow_active_count_after	0
save_flow_deleted_count_after	0
save_flow_selected_slot_after	none
save_delete_confirmation_open	false
save_delete_candidate_id	none
save_delete_candidate_enabled	false
save_delete_status	not_requested
save_delete_reason_code	not_requested
save_delete_type	none
save_delete_recoverable	false
save_delete_executed	false
deleted_save_browser_open	false
deleted_save_count	0
deleted_compatible_save_count	0
deleted_selected_save_id	none
deleted_selected_save_enabled	false
deleted_selected_save_status	none
save_recover_status	not_requested
save_recover_reason_code	not_requested
save_recover_executed	false
save_recover_save_id	none
save_recover_snapshot_recovered	false
save_recover_snapshot_missing	false
product_save_load_previous_hash	0
product_save_load_loaded_hash	0
product_save_load_session_loaded	false
runtime_session_created	false
gameplay_active	false
runtime_state_hash	0
gameplay_view_visible	false
scene_item_count	0
debug_item_count	0
player_visible	false
room_visible	false
objective_visible	false
renderer_mutated_runtime	false
scripted_gameplay_smoke	false
gameplay_input_used	false
gameplay_input_source	none
gameplay_command_submitted	false
gameplay_command_kind	none
gameplay_command_status	not_requested
gameplay_command_accepted	false
gameplay_tick_advanced	false
gameplay_tick_reason_code	not_requested
player_position_changed	false
gameplay_movement_attempted	false
gameplay_movement_blocked	false
gameplay_movement_status	not_requested
gameplay_movement_debug_available	false
gameplay_movement_reason_code	not_requested
gameplay_movement_blocked_reason	none
gameplay_movement_hit_surface_id	none
gameplay_movement_ground_snap_applied	false
gameplay_movement_clamped	false
gameplay_movement_slid	false
gameplay_movement_collision_sweep_count	0
gameplay_movement_policy_band	none
gameplay_movement_slope_travel_direction	stationary
gameplay_movement_slope_angle_degrees	0.000
gameplay_movement_speed_multiplier	1.000
gameplay_movement_start_x	0.000
gameplay_movement_start_y	0.000
gameplay_movement_start_z	0.000
gameplay_movement_final_x	0.000
gameplay_movement_final_y	0.000
gameplay_movement_final_z	0.000
gameplay_movement_horizontal_distance_meters	0.000
gameplay_movement_vertical_delta_meters	0.000
gameplay_movement_ground_velocity_x	0.000
gameplay_movement_ground_velocity_z	0.000
gameplay_movement_state	idle_grounded
movement_state	idle_grounded
movement_grounded	true
movement_vertical_velocity_mps	0.000
movement_horizontal_speed_mps	0.000
movement_hit_surface_id	none
wall_run_candidate_available	false
wall_run_candidate_status	wall_run_not_checked
wall_run_candidate_reason_code	wall_run_not_checked
wall_run_side	none
wall_run_surface_id	none
wall_run_normal_x	0.000
wall_run_normal_y	0.000
wall_run_normal_z	0.000
wall_run_approach_speed_mps	0.000
wall_run_active	false
wall_run_status	wall_run_inactive
wall_run_reason_code	wall_run_inactive
wall_run_remaining_s	0.000
wall_run_duration_s	0.000
wall_run_gravity_multiplier	1.000
wall_run_speed_multiplier	1.000
gameplay_movement_grade_percent	0.000
gameplay_movement_profile	manual_first_person
gameplay_movement_max_speed_mps	3.300
gameplay_jump_requested	false
gameplay_jump_accepted	false
gameplay_jump_active	false
gameplay_jump_status	not_requested
gameplay_jump_reason_code	not_requested
gameplay_jump_velocity_mps	0.000
gameplay_jump_coyote_seconds_remaining	0.000
gameplay_jump_buffer_seconds_remaining	0.000
gameplay_jump_held	false
gameplay_jump_cut_applied	false
gameplay_jump_ground_y	0.000
gameplay_jump_start_y	0.000
gameplay_jump_final_y	0.000
gameplay_jump_height_meters	0.000
gameplay_reset_triggered	false
gameplay_reset_status	not_requested
gameplay_reset_reason_code	not_requested
gameplay_reset_spawn_anchor_id	none
gameplay_reset_source_anchor_id	none
gameplay_reset_start_y	0.000
gameplay_reset_final_y	0.000
gameplay_traversal_requested	false
gameplay_traversal_consumed	false
gameplay_traversal_accepted	false
gameplay_traversal_fallback_jump_allowed	false
gameplay_traversal_status	not_requested
gameplay_traversal_reason_code	not_requested
gameplay_traversal_mechanic	none
gameplay_traversal_slot_id	none
gameplay_traversal_target_id	none
gameplay_traversal_landing_surface_id	none
gameplay_traversal_start_x	0.000
gameplay_traversal_start_y	0.000
gameplay_traversal_start_z	0.000
gameplay_traversal_final_x	0.000
gameplay_traversal_final_y	0.000
gameplay_traversal_final_z	0.000
gameplay_dash_requested	false
gameplay_dash_accepted	false
gameplay_dash_status	not_requested
gameplay_dash_reason_code	not_requested
gameplay_dash_speed_mps	0.000
gameplay_dash_distance_meters	0.000
gameplay_dash_cooldown_remaining_seconds	0.000
gameplay_dash_direction_x	0.000
gameplay_dash_direction_z	0.000
movement_debug_hud_visible	false
movement_debug_hud_line_count	0
movement_debug_hud_dev_tools_enabled	true
movement_debug_hud_debug_overlay_enabled	false
movement_debug_hud_debug_available	false
movement_debug_hud_status	not_requested
movement_debug_hud_blocked	false
movement_debug_hud_reason_code	not_requested
movement_debug_hud_hit_surface_id	none
movement_debug_hud_policy_band	none
movement_debug_hud_speed_multiplier	1.000
npc_behavior_debug_hud_visible	false
npc_behavior_debug_hud_line_count	0
npc_behavior_debug_hud_dev_tools_enabled	true
npc_behavior_debug_hud_debug_overlay_enabled	false
npc_behavior_debug_hud_debug_available	false
npc_behavior_debug_hud_status	not_requested
npc_behavior_debug_hud_reason_code	not_requested
npc_behavior_debug_hud_has_unresolved_profile	false
physics_debug_hud_visible	false
physics_debug_hud_line_count	0
physics_debug_hud_dev_tools_enabled	true
physics_debug_hud_debug_overlay_enabled	false
physics_debug_hud_debug_available	false
physics_debug_hud_status	not_requested
physics_debug_hud_reason_code	not_requested
physics_debug_hud_has_warnings	false
position_hud_visible	false
position_hud_line_count	0
position_hud_debug_available	false
position_hud_status	not_requested
position_hud_reason_code	not_requested
position_hud_player_position_available	false
position_hud_world_x	0.000
position_hud_world_y	0.000
position_hud_world_z	0.000
position_hud_grid_x	0
position_hud_grid_y	0
position_hud_grid_z	0
position_hud_layer_index	0
position_hud_facing	north
position_hud_yaw_degrees	0.000
position_hud_pitch_degrees	0.000
gameplay_collision_surfaces_used	false
gameplay_collision_surface_count	0
physics_movement_planner_enabled	false
physics_movement_planner_requested	false
physics_movement_planner_used	false
physics_movement_planner_status	physics_movement_planner_disabled
physics_movement_planner_reason_code	physics_movement_planner_disabled
target_discovered	false
gameplay_target_status	not_requested
gameplay_target_action	none
gameplay_target_entity_id	0
gameplay_target_stable_name	none
gameplay_target_kind	none
gameplay_target_distance_meters	0.000
gameplay_target_supports_command	false
gameplay_outcome_status	not_requested
gameplay_outcome_target_active_after	false
gameplay_outcome_inventory_changed	false
gameplay_outcome_item_id	none
gameplay_outcome_item_count	0
gameplay_outcome_objective_changed	false
gameplay_outcome_event_count	0
session_outcome	None
gameplay_tape_requested	false
gameplay_tape_loaded	false
gameplay_tape_path	none
gameplay_tape_status	not_requested
gameplay_tape_reason_code	not_requested
gameplay_tape_line_count	0
gameplay_tape_step_count	0
gameplay_tape_executed_step_count	0
gameplay_tape_expected_rejected_step_count	0
gameplay_tape_expected_blocked_step_count	0
gameplay_tape_failed_step	none
gameplay_tape_failed_source_line	0
gameplay_tape_failed_action	none
gameplay_tape_failed_target	none
gameplay_tape_failed_rejection	none
gameplay_tape_failed_movement_block	none
gameplay_tape_last_action	none
gameplay_tape_last_target	none
gameplay_tape_last_movement_block	none
gameplay_tape_key_collected	false
gameplay_tape_secret_door_opened	false
gameplay_tape_treasure_collected	false
gameplay_tape_npc_targetable	false
gameplay_tape_npc_defeated	false
gameplay_tape_exit_objective_complete	false
gameplay_tape_loop_complete	false
gameplay_tape_ai_command_logged	false
gameplay_tape_ai_attack_logged	false
gameplay_tape_ai_wait_logged	false
gameplay_tape_ai_player_damaged	false
gameplay_tape_ai_player_hp_before	0
gameplay_tape_ai_player_hp_after	0
gameplay_tape_ai_actor_id	none
gameplay_tape_ai_target_id	none
gameplay_tape_ai_behavior	none
gameplay_tape_ai_intent	none
gameplay_reach_gate	not_attempted
gameplay_last_rejection	none
interaction_executed	false
attack_executed	false
product_transition_last_action	none
product_transition_status	not_requested
product_transition_returned_to_gameplay	false
product_transition_returned_to_title	false
product_transition_session_preserved	false
camera_controller	product_camera
camera_mode	first_person
camera_controller_active	false
look_input_used	false
camera_input_source	none
camera_yaw_degrees	0.000
camera_pitch_degrees	0.000
camera_heading_visible	false
creative_navigate_active	false
creative_fly_active	false
creative_fly_status	creative_fly_not_requested
creative_fly_reason_code	creative_fly_not_requested
creative_fly_speed_mps	0.000
creative_fly_anchor_valid	false
creative_fly_world_x	0.000
creative_fly_world_y	0.000
creative_fly_world_z	0.000
product_draw_item_count	0
product_draw_grid_visible	false
product_draw_player_visible	false
product_draw_room_visible	false
product_draw_objective_visible	false
product_draw_target_indicator_visible	false
product_draw_door_visible	false
product_draw_open_door_visible	false
product_draw_closed_door_visible	false
product_draw_debug_marker_count	0
product_draw_door_count	0
product_draw_open_door_count	0
product_draw_closed_door_count	0
product_draw_room_geometry_count	0
product_draw_floor_tile_count	0
product_draw_elevated_floor_tile_count	0
product_draw_ramp_tile_count	0
product_draw_blocked_slope_tile_count	0
product_draw_wall_tile_count	0
product_draw_prop_visible	false
product_draw_prop_tile_count	0
product_draw_room_editor_cursor_visible	false
product_draw_room_editor_cursor_count	0
product_draw_room_editor_preview_visible	false
product_draw_room_editor_preview_count	0
product_draw_physics_debug_visible	false
product_draw_physics_debug_item_count	0
product_draw_physics_aabb_debug_count	0
product_draw_physics_contact_normal_debug_count	0
product_draw_map_maker_grid_visible	false
product_draw_map_maker_grid_dot_count	0
product_draw_map_maker_major_grid_dot_count	0
product_draw_map_maker_cube_preview_visible	false
product_draw_map_maker_cube_preview_count	0
product_view_projection	primitive_first_person
product_view_yaw_applied	false
product_view_pitch_applied	false
product_view_player_anchor_found	false
product_render_bridge_ready	false
product_view_frame_ready	false
product_view_frame_item_count	0
product_view_frame_on_screen_item_count	0
product_view_frame_target_item_count	0
product_render_bridge_room_editor_cursor_visible	false
product_render_bridge_room_editor_cursor_count	0
product_render_bridge_room_editor_preview_visible	false
product_render_bridge_room_editor_preview_count	0
product_render_bridge_prop_visible	false
product_render_bridge_prop_tile_count	0
product_render_bridge_physics_debug_visible	false
product_render_bridge_physics_debug_item_count	0
product_render_bridge_physics_aabb_debug_count	0
product_render_bridge_physics_contact_normal_debug_count	0
product_render_bridge_map_maker_grid_visible	false
product_render_bridge_map_maker_grid_dot_count	0
product_render_bridge_map_maker_major_grid_dot_count	0
product_render_bridge_map_maker_cube_preview_visible	false
product_render_bridge_map_maker_cube_preview_count	0
product_feedback_bridge_ready	false
product_feedback_bridge_line_count	0
product_vulkan_room_mesh_cpu_ready	false
product_vulkan_room_mesh_backend_presented	false
product_vulkan_room_mesh_source	none
product_vulkan_room_asset_id	none
product_vulkan_room_floor_visible	false
product_vulkan_room_wall_visible	false
product_vulkan_room_grid_visible	false
product_vulkan_room_source_mesh_count	0
product_vulkan_room_vertex_count	0
product_vulkan_room_index_count	0
product_vulkan_room_draw_count	0
product_vulkan_room_floor_draw_count	0
product_vulkan_room_wall_draw_count	0
product_vulkan_room_grid_line_draw_count	0
product_vulkan_room_grid_truncated	false
product_vulkan_room_geometry_signature	0
product_feedback_visible	false
product_feedback_target_status	not_attempted
product_feedback_reach_status	not_attempted
product_feedback_command_kind	none
product_feedback_command_status	not_requested
product_feedback_rejection_reason	none
product_feedback_attack_visible	false
product_feedback_interaction_visible	false
active_surface	boot_status
active_parent_surface	none
input_surface	none
input_owner	none
active_surface_status	product_frontend_owner_ready
active_surface_mouse_capture_policy	released
input_action_last	none
input_action_accepted	false
gameplay_input_suppressed	true
automation_control_requested	false
automation_control_loaded	false
automation_control_path	
automation_control_status	not_requested
automation_control_scope	none
automation_control_line_count	0
automation_control_applied_count	0
automation_control_last_key	none
automation_control_last_action	none
automation_control_last_owner	none
automation_control_last_result	none
product_vulkan_renderer_requested	false
product_vulkan_backend_built	true
product_vulkan_renderer_created	false
product_vulkan_renderer_ready	false
product_vulkan_surface_created	false
product_vulkan_swapchain_ready	false
product_vulkan_frame_submitted	false
product_vulkan_frame_submitted_count	0
product_vulkan_status	not_requested
product_vulkan_reason_code	not_requested
product_vulkan_rendering_path	none
product_vulkan_record_mode	none
product_vulkan_menu_requested	false
product_vulkan_menu_visible	false
product_vulkan_menu_status	vulkan_menu_not_requested
product_vulkan_menu_reason_code	vulkan_menu_not_requested
product_vulkan_menu_surface	none
product_vulkan_menu_ui_ready	false
product_vulkan_menu_ui_partial	false
product_vulkan_menu_ui_status	product_vulkan_menu_ui_not_requested
product_vulkan_menu_ui_reason_code	product_vulkan_menu_ui_not_requested
product_vulkan_menu_ui_primitive_count	0
product_vulkan_menu_ui_text_count	0
product_vulkan_menu_ui_rect_count	0
product_vulkan_menu_ui_row_count	0
product_vulkan_menu_ui_selected_action	none
creative_ui_projection_requested	false
creative_ui_projection_ready	false
creative_ui_projection_partial	false
creative_ui_projection_status	creative_ui_projection_not_requested
creative_ui_projection_reason_code	creative_ui_projection_not_requested
creative_ui_projection_used_model	false
creative_ui_projection_used_facade	false
creative_ui_projection_virtual_width	0
creative_ui_projection_virtual_height	0
creative_ui_projection_theme	none
creative_ui_projection_panel_count	0
creative_ui_projection_model_row_count	0
creative_ui_projection_primitive_count	0
creative_ui_projection_text_count	0
creative_ui_projection_rect_count	0
creative_ui_projection_row_count	0
creative_ui_projection_disabled_row_count	0
creative_ui_projection_hit_region_count	0
creative_ui_input_requested	false
creative_ui_input_click_present	false
creative_ui_input_draw_list_available	false
creative_ui_input_routed	false
creative_ui_input_hit	false
creative_ui_input_consumed	false
creative_ui_input_enabled	false
creative_ui_input_surface	none
creative_ui_input_kind	none
creative_ui_input_action	none
creative_ui_input_layer_index	0
creative_ui_input_region_index	0
creative_ui_input_semantic_id	none
creative_ui_input_status	creative_ui_input_not_requested
creative_ui_input_reason_code	creative_ui_input_not_requested
creative_ui_last_click_seen	false
creative_ui_last_click_x	none
creative_ui_last_click_y	none
creative_ui_last_input_hit	false
creative_ui_last_input_consumed	false
creative_ui_last_input_status	none
creative_ui_last_input_semantic_id	none
creative_ui_last_command_kind	none
creative_ui_last_command_status	none
creative_ui_last_command_create_requested	false
creative_ui_last_command_create_accepted	false
creative_ui_last_command_create_changed	false
creative_ui_last_command_create_object_id	0
creative_ui_input_downstream_click_requested	false
creative_ui_input_downstream_click_present	false
creative_ui_input_downstream_click_higher_priority	false
creative_ui_input_downstream_click_suppressed	false
creative_ui_input_downstream_click_status	creative_ui_input_downstream_click_not_requested
creative_ui_input_downstream_click_reason_code	creative_ui_input_downstream_click_not_requested
creative_ui_command_requested	false
creative_ui_command_facade_available	false
creative_ui_command_input_consumed	false
creative_ui_command_input_enabled	false
creative_ui_command_accepted	false
creative_ui_command_changed	false
creative_ui_command_kind	none
creative_ui_command_tool	none
creative_ui_command_object_kind	Unknown
creative_ui_command_tool_before	Select
creative_ui_command_tool_after	Select
creative_ui_command_semantic_id	none
creative_ui_command_status	product_creative_ui_command_not_requested
creative_ui_command_reason_code	product_creative_ui_command_not_requested
creative_ui_command_mutation_requested	false
creative_ui_command_mutation_accepted	false
creative_ui_command_mutation_changed	false
creative_ui_command_mutation_status	Unknown
creative_ui_command_document_mutation_status	Unknown
creative_ui_command_mutation_kind	Unknown
creative_ui_command_mutation_target	0
creative_ui_command_mutation_object_id	0
creative_ui_command_mutation_object_kind	Unknown
creative_ui_command_visible_before	false
creative_ui_command_visible_after	false
creative_ui_command_locked_before	false
creative_ui_command_locked_after	false
creative_ui_command_revision_before	0
creative_ui_command_revision_after	0
creative_ui_command_mutation_message	none
creative_ui_command_create_requested	false
creative_ui_command_create_accepted	false
creative_ui_command_create_changed	false
creative_ui_command_create_status	Unknown
creative_ui_command_create_object_id	0
creative_ui_command_create_object_kind	Unknown
creative_ui_command_create_object_name	none
creative_ui_command_create_revision_before	0
creative_ui_command_create_revision_after	0
creative_ui_command_create_dirty_flags	0
creative_ui_command_create_message	none
creative_ui_command_create_reason_code	none
creative_ui_command_delete_requested	false
creative_ui_command_delete_accepted	false
creative_ui_command_delete_changed	false
creative_ui_command_delete_removed	false
creative_ui_command_delete_object_id	0
creative_ui_command_delete_object_kind	Unknown
creative_ui_command_delete_object_name	none
creative_ui_command_delete_revision_before	0
creative_ui_command_delete_revision_after	0
creative_ui_command_delete_dirty_flags	0
creative_ui_command_delete_status	Unknown
creative_ui_command_delete_message	none
creative_ui_command_delete_reason_code	none
creative_ui_command_undo_requested	false
creative_ui_command_undo_accepted	false
creative_ui_command_undo_changed	false
creative_ui_command_undo_had_snapshot	false
creative_ui_command_undo_document_id	0
creative_ui_command_undo_revision_before	0
creative_ui_command_undo_revision_after	0
creative_ui_command_undo_object_count_before	0
creative_ui_command_undo_object_count_after	0
creative_ui_command_undo_depth_before	0
creative_ui_command_undo_depth_after	0
creative_ui_command_undo_status	creative_undo_not_requested
creative_ui_command_undo_message	creative_undo_not_requested
creative_ui_command_undo_reason_code	creative_undo_not_requested
creative_ui_command_shell_requested	false
creative_ui_command_shell_accepted	false
creative_ui_command_shell_changed	false
creative_ui_command_shell_room_object_id	0
creative_ui_command_shell_generated_object_count	0
creative_ui_command_shell_removed_object_count	0
creative_ui_command_shell_floor_count	0
creative_ui_command_shell_wall_count	0
creative_ui_command_shell_revision_before	0
creative_ui_command_shell_revision_after	0
creative_ui_command_shell_status	creative_room_shell_not_requested
creative_ui_command_shell_reason_code	creative_room_shell_not_requested
creative_ui_command_shell_message	creative_room_shell_not_requested
creative_ui_command_baked_room_refresh_requested	false
creative_ui_command_baked_room_refresh_accepted	false
creative_ui_command_baked_room_refresh_status	product_creative_baked_room_not_requested
creative_ui_command_baked_room_refresh_reason_code	product_creative_baked_room_not_requested
creative_ui_command_baked_room_bake_measured	false
creative_ui_command_baked_room_bake_elapsed_microseconds	0
creative_ui_command_baked_room_baked_document_revision	0
creative_ui_command_baked_room_static_mesh_count	0
creative_ui_command_baked_room_anchor_count	0
creative_ui_command_baked_room_spatial_surface_count	0
creative_ui_command_baked_room_collision_ready	false
creative_ui_command_baked_room_collision_query_surface_count	0
creative_baked_room_auto_refresh_requested	false
creative_baked_room_auto_refresh_accepted	false
creative_baked_room_auto_refresh_cleared_active_room	false
creative_baked_room_auto_refresh_status	product_creative_baked_room_not_requested
creative_baked_room_auto_refresh_reason_code	product_creative_baked_room_not_requested
creative_baked_room_auto_refresh_bake_measured	false
creative_baked_room_auto_refresh_bake_elapsed_microseconds	0
creative_baked_room_auto_refresh_baked_document_revision	0
creative_baked_room_auto_refresh_static_mesh_count	0
creative_baked_room_auto_refresh_anchor_count	0
creative_baked_room_auto_refresh_spatial_surface_count	0
creative_baked_room_auto_refresh_collision_ready	false
creative_baked_room_auto_refresh_collision_query_surface_count	0
creative_document_revision_observed	false
creative_document_changed_this_frame	false
creative_document_revision_document_id	0
creative_document_revision_before_frame	0
creative_document_revision_after_frame	0
creative_undo_available	false
creative_undo_depth	0
creative_baked_room_stale	false
creative_baked_room_stale_document_id	0
creative_baked_room_stale_revision	0
creative_baked_room_stale_status	creative_baked_room_not_observed
creative_baked_room_stale_reason_code	creative_baked_room_not_observed
creative_viewport_pick_requested	false
creative_viewport_pick_active	false
creative_viewport_pick_click_present	false
creative_viewport_pick_click_suppressed	false
creative_viewport_pick_facade_available	false
creative_viewport_pick_source_available	false
creative_viewport_pick_projected	false
creative_viewport_pick_picked	false
creative_viewport_pick_object_count	0
creative_viewport_pick_projection_cell_count	0
creative_viewport_pick_status	creative_viewport_pick_not_requested
creative_viewport_pick_reason_code	creative_viewport_pick_not_requested
creative_viewport_pick_pick_status	Unknown
creative_viewport_pick_message	none
creative_viewport_pick_coord_x	0
creative_viewport_pick_coord_y	0
creative_viewport_pick_coord_z	0
creative_viewport_pick_grid_index	0
creative_viewport_pick_object_id	0
creative_viewport_pick_object_kind	Unknown
creative_viewport_pick_occupancy_kind	Unknown
creative_viewport_pick_target	0
creative_viewport_pick_cell_index	0
creative_wireframe_requested	false
creative_wireframe_active	false
creative_wireframe_facade_available	false
creative_wireframe_document_available	false
creative_wireframe_source_available	false
creative_wireframe_object_count	0
creative_wireframe_visible_object_count	0
creative_wireframe_item_count	0
creative_wireframe_segment_count	0
creative_wireframe_box_item_count	0
creative_wireframe_line_item_count	0
creative_wireframe_point_item_count	0
creative_wireframe_skipped_degenerate_count	0
creative_wireframe_status	creative_wireframe_frame_not_requested
creative_wireframe_reason_code	creative_wireframe_frame_not_requested
creative_wireframe_wireframe_status	Unknown
creative_wireframe_wireframe_reason_code	none
creative_wireframe_segment_status	Unknown
creative_wireframe_segment_reason_code	none
creative_wireframe_debug_line_requested	false
creative_wireframe_debug_line_source_available	false
creative_wireframe_debug_line_input_segment_count	0
creative_wireframe_debug_line_count	0
creative_wireframe_debug_line_skipped_degenerate_count	0
creative_wireframe_debug_line_status	Unknown
creative_wireframe_debug_line_reason_code	none
product_vulkan_gameplay_ready	false
product_vulkan_gameplay_status	product_vulkan_not_requested
product_vulkan_gameplay_reason_code	product_vulkan_not_requested
event_poll_count	0
frames	0
frames_presented	0
window_status	window_not_requested
save_root	
save_count	0
compatible_save_count	0
selected_package_id	iggy3d.default_world
selected_scenario_id	default
world_template_source	builtin_default
dev_package_override	false
normal_package_cli	false
result	pass
reason_code	opening_menu_ready
